// Jest Snapshot v1, https://goo.gl/fbAQLP

exports[`snapshot test testing fabric canvas 1`] = `<div />`;
